---
source: src/tests.rs
expression: buffer_string
---

 ┌ Pui - Pueue TUI ───────────────────────────────────────────────────────────┐
│j/k/PgUp/PgDn/Home/End: Nav | f: Filter | s: Start | p: Pause | x: Kill | Backs│
 └────────────────────────────────────────────────────────────────────────────┘
 ┌ Tasks ─────────────────────────────────────────────────────────────────────┐
 │   Id   Status       Command                Path                  Duration  │
 │>> 1    Success      echo 'hello'           /h/user               0s        │
 │   2    Failed (1)   false                  /tmp                  0s        │
 │                                                                            │
 │                                                                            │
 │                                                                            │
 │                                                                            │
 │                                                                            │
 │                                                                            │
 │                                                                            │
 │                                                                            │
 │                                                                            │
 │                                                                            │
 │                                                                            │
 └────────────────────────────────────────────────────────────────────────────┘
 ┌────────────────────────────────────────────────────────────────────────────┐
 │Filter: 1 (Esc to clear)                                                    │
 └────────────────────────────────────────────────────────────────────────────┘
