---
source: src/tests.rs
expression: ui
---
                                                                                
 ┌ Pui - Pueue TUI ───────────────────────────────────────────────────────────┐ 
 │r: Run | p: Pause | x: Kill | Enter: Logs | Backspace: Remove | Space: Selec│ 
 └────────────────────────────────────────────────────────────────────────────┘ 
 ┌ Tasks ─────────────────────────────────────────────────────────────────────┐ 
 │     Id   Path suffix     Command         End        Duration   Status      │ 
 │>>   1    tmp/            aaa             -          -          Queued      │ 
 │     0    tmp/            zzz             -          -          Queued      │ 
 │                                                                            │ 
 │                                                                            │ 
 │                                                                            │ 
 │                                                                            │ 
 │                                                                            │ 
 │                                                                            │ 
 │                                                                            │ 
 │                                                                            │ 
 │                                                                            │ 
 │                                                                            │ 
 │                                                                            │ 
 └────────────────────────────────────────────────────────────────────────────┘ 
 ┌────────────────────────────────────────────────────────────────────────────┐ 
 │Connected to Pueue daemon                                                   │ 
 └────────────────────────────────────────────────────────────────────────────┘
