---
source: src/tests.rs
expression: ui
---
                                                                                
 ┌ Pui - Pueue TUI ───────────────────────────────────────────────────────────┐ 
 │Space: Select | Enter: Logs | f: Filter | s: Sort | c: Custom | r: Run | p: │ 
 └────────────────────────────────────────────────────────────────────────────┘ 
 ┌ Tasks ─────────────────────────────────────────────────────────────────────┐ 
 │     Id   Stat┌ Details (Esc to close) ──────────────────────┐    Duration  │ 
 │>>   0    Runn│ID: 0                                         │s/p 0s        │ 
 │     1    Succ│Status: Running                               │    0s        │ 
 │     2    Fail│Command: long_command --option1 value1        │    0s        │ 
 │              │--option2 value2 --option3 value3 --option4   │              │ 
 │              │value4 --option5 value5 --option6 value6      │              │ 
 │              │Path: /v/l/p/t/a/d/t/s/d/w/a/s/p/i/t/u/view   │              │ 
 │              │Duration: 0s                                  │              │ 
 │              │Group: default                                │              │ 
 │              │                                              │              │ 
 │              │Full Command: long_command --option1 value1   │              │ 
 │              │--option2 value2 --option3 value3 --option4   │              │ 
 │              │value4 --option5 value5 --option6 value6      │              │ 
 │              └──────────────────────────────────────────────┘              │ 
 └────────────────────────────────────────────────────────────────────────────┘ 
 ┌────────────────────────────────────────────────────────────────────────────┐ 
 │Connected to Pueue daemon                                                   │ 
 └────────────────────────────────────────────────────────────────────────────┘
