---
source: src/tests.rs
expression: buffer_string
---
┌ Task Log (Esc to close) ─────────────────────────────────────────────────────┐
│Log line 1                                                                    │
│Log line 2                                                                    │
│Log line 3                                                                    │
│                                                                              │
│                                                                              │
│                                                                              │
│                                                                              │
│                                                                              │
│                                                                              │
│                                                                              │
│                                                                              │
│                                                                              │
│                                                                              │
│                                                                              │
│                                                                              │
│                                                                              │
│                                                                              │
│                                                                              │
│                                                                              │
│                                                                              │
│                                                                              │
│                                                                              │
└──────────────────────────────────────────────────────────────────────────────┘
