---
source: src/tests.rs
expression: ui
---
                                                                                
 ┌ Pui - Pueue TUI ───────────────────────────────────────────────────────────┐ 
 │Space: Select | Enter: Logs | f: Filter | s: Sort | r: Run | p: Pause | x: K│ 
 └────────────────────────────────────────────────────────────────────────────┘ 
 ┌ Tasks ─────────────────────────────────────────────────────────────────────┐ 
 │     Id   Path┌ Details (Esc to close) ──────────────────────┐  Status      │ 
 │>>   0    view│ID: 0                                         │  Running     │ 
 │     1    user│Status: Running                               │  Success     │ 
 │     2    tmp/│Command: long_command --option1 value1        │  Failed (1)  │ 
 │              │--option2 value2 --option3 value3 --option4   │              │ 
 │              │value4 --option5 value5 --option6 value6      │              │ 
 │              │Path: view/                                   │              │ 
 │              │End: -                                        │              │ 
 │              │Duration: 0s                                  │              │ 
 │              │Group: default                                │              │ 
 │              │                                              │              │ 
 │              │Full Command: long_command --option1 value1   │              │ 
 │              │--option2 value2 --option3 value3 --option4   │              │ 
 │              └──────────────────────────────────────────────┘              │ 
 └────────────────────────────────────────────────────────────────────────────┘ 
 ┌────────────────────────────────────────────────────────────────────────────┐ 
 │Connected to Pueue daemon                                                   │ 
 └────────────────────────────────────────────────────────────────────────────┘
