---
source: src/tests.rs
expression: ui
---
                                                                                
 ┌ Pui - Pueue TUI ───────────────────────────────────────────────────────────┐ 
 │Space: Sel┌ Key Bindings (? or Esc to close) ────────────────────┐use | x: K│ 
 └──────────│  p         Pause task(s)                            ↑│──────────┘ 
 ┌ Tasks ───│  x         Kill task(s)                             ║│──────────┐ 
 │     Id   │  Backspace Remove task(s)                           ║│atus      │ 
 │>>   0    │  d         Show task details                        ║│nning     │ 
 │     1    │                                                     ║│ccess     │ 
 │     2    │Other                                                ║│iled (1)  │ 
 │          │  f         Filter tasks                             ║│          │ 
 │          │  s         Sort tasks                               ║│          │ 
 │          │  c         Edit config file                         ║│          │ 
 │          │  ?         Show this help                           ║│          │ 
 │          │  q         Quit                                     ║│          │ 
 │          │  Esc       Clear selection/filter                   █│          │ 
 │          │                                                     █│          │ 
 │          │Custom Commands                                      █│          │ 
 │          │  alt+e      editor                                  █│          │ 
 │          │  ctrl+g     lazygit                                 █│          │ 
 └──────────│                                                     █│──────────┘ 
 ┌──────────│Config: /home/user/.config/pui/config.toml           ↓│──────────┐ 
 │Connected └──────────────────────────────────────────────────────┘          │ 
 └────────────────────────────────────────────────────────────────────────────┘
