---
source: src/tests.rs
expression: ui
---
                                                                                
 ┌ Pui - Pueue TUI ───────────────────────────────────────────────────────────┐ 
 │Space: Select | Enter: Logs | f: Filter | s: Sort | c: Custom | r: Run | p: │ 
 └────────────────────────────────────────────────────────────────────────────┘ 
 ┌ Tasks ─────────────────────────────────────────────────────────────────────┐ 
 │     Id   Status       Command         Path                       Duration  │ 
 │>>   0    Running      sleep 60        /tmp                       0s        │ 
 │     2    Failed (1)   false           /tmp                       0s        │ 
 │                                                                            │ 
 │                                                                            │ 
 │                                                                            │ 
 │                                                                            │ 
 │                                                                            │ 
 │                                                                            │ 
 │                                                                            │ 
 │                                                                            │ 
 │                                                                            │ 
 │                                                                            │ 
 │                                                                            │ 
 └────────────────────────────────────────────────────────────────────────────┘ 
 ┌────────────────────────────────────────────────────────────────────────────┐ 
 │Connected to Pueue daemon                                                   │ 
 └────────────────────────────────────────────────────────────────────────────┘
