---
source: src/tests.rs
expression: ui
---
                                                                                
 ┌ Pui - Pueue TUI ───────────────────────────────────────────────────────────┐ 
 │Space: Select | Enter: Logs | f: Filter | s: Sort | c: Custom | r: Run | p: │ 
 └────────────────────────────────────────────────────────────────────────────┘ 
 ┌ Tasks ─────────────────────────────────────────────────────────────────────┐ 
 │     Id   Status       Command         Path                       Duration  │ 
 │>> * 0    Queued       task_0          /tmp                       -         │ 
 │     1    Queued       task_1          /tmp                       -         │ 
 │   * 2    Queued       task_2          /tmp                       -         │ 
 │     3    Queued       task_3          /tmp                       -         │ 
 │                                                                            │ 
 │                                                                            │ 
 │                                                                            │ 
 │                                                                            │ 
 │                                                                            │ 
 │                                                                            │ 
 │                                                                            │ 
 │                                                                            │ 
 │                                                                            │ 
 └────────────────────────────────────────────────────────────────────────────┘ 
 ┌────────────────────────────────────────────────────────────────────────────┐ 
 │2 selected (Esc to clear)                                                   │ 
 └────────────────────────────────────────────────────────────────────────────┘
