---
source: src/tests.rs
expression: ui
---
                                                                                
 ┌ Pui - Pueue TUI ───────────────────────────────────────────────────────────┐ 
 │Space: Select | Enter: Logs | f: Filter | s: Sort | r: Run | p: Pause | x: K│ 
 └────────────────────────────────────────────────────────────────────────────┘ 
 ┌ Tasks ─────────────────────────────────────────────────────────────────────┐ 
 │     Id   Status       Command               Path                 Duration  │ 
 │>>   1    Success      echo 'hello'          /h/user              0s        │ 
 │     2    Failed (1)   false                 /tmp                 0s        │ 
 │                                                                            │ 
 │                                                                            │ 
 │                                                                            │ 
 │                                                                            │ 
 │                                                                            │ 
 │                                                                            │ 
 │                                                                            │ 
 │                                                                            │ 
 │                                                                            │ 
 │                                                                            │ 
 │                                                                            │ 
 └────────────────────────────────────────────────────────────────────────────┘ 
 ┌────────────────────────────────────────────────────────────────────────────┐ 
 │Filter: 1 (Esc to clear)                                                    │ 
 └────────────────────────────────────────────────────────────────────────────┘
