---
source: src/tests.rs
expression: ui
---
                                                                                
 ┌ Pui - Pueue TUI ───────────────────────────────────────────────────────────┐ 
 │r: Run | p┌ Key Bindings (? or Esc to close) ────────────────────┐ace: Selec│ 
 └──────────│  Backspace Remove task(s)                           ↑│──────────┘ 
 ┌ Tasks ───│  Space     Toggle selection                         ║│──────────┐ 
 │     Id   │  ?         Show this help                           ║│atus      │ 
 │>>   0    │                                                     ║│nning     │ 
 │     1    │Other                                                ║│ccess     │ 
 │     2    │  Ctrl+a    Select all tasks                         ║│iled (1)  │ 
 │          │  d         Show task details                        ║│          │ 
 │          │  f         Filter tasks                             ║│          │ 
 │          │  s         Sort tasks                               ║│          │ 
 │          │  c         Edit config file                         ║│          │ 
 │          │  q         Quit                                     ║│          │ 
 │          │  Esc       Clear selection/filter                   █│          │ 
 │          │                                                     █│          │ 
 │          │Custom Commands                                      █│          │ 
 │          │  alt+e      editor                                  █│          │ 
 │          │  ctrl+g     lazygit                                 █│          │ 
 └──────────│                                                     █│──────────┘ 
 ┌──────────│Config: /home/user/.config/pui/config.toml           ↓│──────────┐ 
 │Connected └──────────────────────────────────────────────────────┘          │ 
 └────────────────────────────────────────────────────────────────────────────┘
