---
source: src/tests.rs
expression: buffer_string
---
                                                                                
 ┌ Pui - Pueue TUI ───────────────────────────────────────────────────────────┐ 
 │j/k: Nav | s: Start | p: Pause | x: Kill | Backspace: Remove | d: Details | │ 
 └────────────────────────────────────────────────────────────────────────────┘ 
 ┌ Tasks ─────────────────────────────────────────────────────────────────────┐ 
 │   Id   Status┌ Details (Esc to close) ──────────────────────┐    Duration  │ 
 │>> 0    Runnin│ID: 0                                         │    0s        │ 
 │   1    Succes│Status: Running                               │    0s        │ 
 │   2    Failed│Command: sleep 60                             │    0s        │ 
 │              │Path: /tmp                                    │              │ 
 │              │Duration: 0s                                  │              │ 
 │              │Group: default                                │              │ 
 │              │                                              │              │ 
 │              │Full Command: sleep 60                        │              │ 
 │              │Full Path: /tmp                               │              │ 
 │              │                                              │              │ 
 │              │                                              │              │ 
 │              │                                              │              │ 
 │              └──────────────────────────────────────────────┘              │ 
 └────────────────────────────────────────────────────────────────────────────┘ 
 ┌────────────────────────────────────────────────────────────────────────────┐ 
 │Connected to Pueue daemon                                                   │ 
 └────────────────────────────────────────────────────────────────────────────┘
