---
source: src/tests.rs
expression: buffer_string
---
                                                                                
 ┌ Pui - Pueue TUI ───────────────────────────────────────────────────────────┐ 
 │j/k: Nav | s: Start | p: Pause | x: Kill | Backspace: Remove | q: Quit      │ 
 └────────────────────────────────────────────────────────────────────────────┘ 
 ┌ Tasks ──────────────────────────────┐┌ Details ────────────────────────────┐ 
 │   Id   Status     Com Pat Duration  ││ID: 0                                │ 
 │>> 0    Running    sle /tm 0s        ││Status: Running                      │ 
 │   1    Done       ech /h/ 0s        ││Command: sleep 60                    │ 
 │                                     ││Path: /tmp                           │ 
 │                                     ││Duration: 0s                         │ 
 │                                     ││Group: default                       │ 
 │                                     ││                                     │ 
 │                                     ││Full Command: sleep 60               │ 
 │                                     ││Full Path: /tmp                      │ 
 │                                     ││                                     │ 
 │                                     ││                                     │ 
 │                                     ││                                     │ 
 │                                     ││                                     │ 
 │                                     ││                                     │ 
 └─────────────────────────────────────┘└─────────────────────────────────────┘ 
 ┌────────────────────────────────────────────────────────────────────────────┐ 
 │Connected to Pueue daemon                                                   │ 
 └────────────────────────────────────────────────────────────────────────────┘
