---
source: src/tests.rs
expression: buffer_string
---
                                                                                
 ┌ Pui - Pueue TUI ───────────────────────────────────────────────────────────┐ 
 │j/k/PgUp/PgDn/Home/End: Nav | f: Filter | s: Sort | r: Run | p: Pause | x: K│ 
 └────────────────────────────────────────────────────────────────────────────┘ 
 ┌ Tasks ─────────────────────────────────────────────────────────────────────┐ 
 │   Id   Status       Command                Path                  Duration  │ 
 │>> 1    Queued       aaa                    /tmp                  -         │ 
 │   0    Queued       zzz                    /tmp                  -         │ 
 │                                                                            │ 
 │                                                                            │ 
 │                                                                            │ 
 │                                                                            │ 
 │                                                                            │ 
 │                                                                            │ 
 │                                                                            │ 
 │                                                                            │ 
 │                                                                            │ 
 │                                                                            │ 
 │                                                                            │ 
 └────────────────────────────────────────────────────────────────────────────┘ 
 ┌────────────────────────────────────────────────────────────────────────────┐ 
 │Connected to Pueue daemon                                                   │ 
 └────────────────────────────────────────────────────────────────────────────┘
